╔══════════════════════════════════════════════╗
║  F.R.I.D.A.Y :: DAEMON v1.0.0                ║
║  Autonomous Sovereign · 24/7 operation       ║
╚══════════════════════════════════════════════╝
PID: 81287
Boot: 2026-04-21T08:51:23.664361

  🧰 7 skills registered: system, watchdog, outreach, content, research, journal, briefing
  ✓ telegram thread started
  ✓ heartbeat thread started
  ✓ scheduler thread started
  ✓ autonomy thread started
  ✓ restart_watcher thread started

Friday is live. Ctrl-C to stop.

[08:51:24] 💓 alerts: []
🧠 Autonomy loop online. tick=900s level=supervised
📡 Friday Telegram sense online. Listening...
[08:51:54] 🎯 tick: goal=drift_detection exec=1 queued=1 blocked=0
[09:06:59] 🎯 tick: goal=drift_detection exec=0 queued=0 blocked=2
[09:22:10] 🎯 tick: goal=drift_detection exec=0 queued=0 blocked=2
[10:33:05] 🎯 tick: goal=drift_detection exec=0 queued=0 blocked=2
[17:12:49] 💓 alerts: []
[17:30:48] 🎯 tick: goal=drift_detection exec=0 queued=0 blocked=2
[20:26:12] 🎯 tick: goal=agency_outreach_daily exec=2 queued=1 blocked=0
⏰ Evening loop firing...
*🌙 Friday :: Debrief*

22:00. Tuesday, 21 Apr 2026.

1. Grind.
2. ₹15K setup banked.
3. Send a follow-up email to the one lead from last week's outreach (60 minutes).
4. `python3 ~/agency/content/weekly_scorecard.py add`
[23:35:01] 🎯 tick: goal=drift_detection exec=0 queued=0 blocked=2
[09:09:43] 🎯 tick: goal=drift_detection exec=0 queued=0 blocked=2
[11:31:17] 💓 alerts: []
[11:33:56] 🎯 tick: goal=drift_detection exec=0 queued=0 blocked=2
[11:48:59] 🎯 tick: goal=drift_detection exec=0 queued=0 blocked=2
