
[Omni-Loop] Cycle 1 - Thu Apr 30 02:59:41 2026
[Omni-Loop] -> Testing environment integrity...
    ✅ Tests Pass: System Stable.
[Omni-Loop] -> Executing Autonomous R&D and Research...
    🧠 R&D Insight: To effectively improve the autonomy and decision-making capabilities of Python agents, it is essential to integrate meta-cognitive techniques that enable them to reflect on their own knowledge limitations, biases, and uncertainty, thereby fostering a more adaptive and self-aware learning process.
[Omni-Loop] -> Optimizing internal heuristics...
    ⚙️ Heuristics optimized.

[Omni-Loop] Cycle 1 - Thu Apr 30 03:02:43 2026
[Omni-Loop] -> Testing environment integrity...
    ✅ Tests Pass: System Stable.
[Omni-Loop] -> Initiating Auto-Upgrade Conversation Cycle...
    🚀 Capability Upgraded: New Skill Crystallized.
[Omni-Loop] -> Optimizing internal heuristics...
    ⚙️ Heuristics optimized.

[Omni-Loop] Cycle 1 - Thu Apr 30 03:21:27 2026
[Omni-Loop] -> Testing environment integrity...
    ✅ Tests Pass: System Stable.
[Omni-Loop] -> Initiating Auto-Upgrade Conversation Cycle...
    🚀 Capability Upgraded: New Skill Crystallized.
[Omni-Loop] -> Optimizing internal heuristics...
    ⚙️ Heuristics optimized.

[Omni-Loop] Cycle 1 - Thu Apr 30 03:26:37 2026
[Omni-Loop] -> Testing environment integrity...
    ✅ Tests Pass: System Stable.
[Omni-Loop] -> Initiating Auto-Upgrade Conversation Cycle...
    🚀 Capability Upgraded: New Skill Crystallized.
[Omni-Loop] -> Optimizing internal heuristics...
    ⚙️ Heuristics optimized.

[Omni-Loop] Cycle 2 - Thu Apr 30 03:52:02 2026
[Omni-Loop] -> Testing environment integrity...
    ❌ Tests Failed: Engaging Self-Heal Protocol.
[Omni-Loop] -> Initiating Auto-Upgrade Conversation Cycle...
    🚀 Capability Upgraded: New Skill Crystallized.
[Omni-Loop] -> Optimizing internal heuristics...
    ⚙️ Heuristics optimized.

[Omni-Loop] Cycle 3 - Thu Apr 30 04:14:08 2026
[Omni-Loop] -> Testing environment integrity...
    ✅ Tests Pass: System Stable.
[Omni-Loop] -> Initiating Auto-Upgrade Conversation Cycle...
    🚀 Capability Upgraded: New Skill Crystallized.
[Omni-Loop] -> Optimizing internal heuristics...
    ⚙️ Heuristics optimized.

[Omni-Loop] Cycle 4 - Thu Apr 30 04:26:11 2026
[Omni-Loop] -> Testing environment integrity...
    ❌ Tests Failed: Engaging Self-Heal Protocol.
[Omni-Loop] -> Initiating Auto-Upgrade Conversation Cycle...
    🚀 Capability Upgraded: New Skill Crystallized.
[Omni-Loop] -> Optimizing internal heuristics...
    ⚙️ Heuristics optimized.

[Omni-Loop] Cycle 5 - Thu Apr 30 04:40:56 2026
[Omni-Loop] -> Testing environment integrity...
    ❌ Tests Failed: Engaging Self-Heal Protocol.
[Omni-Loop] -> Initiating Auto-Upgrade Conversation Cycle...
    🚀 Capability Upgraded: New Skill Crystallized.
[Omni-Loop] -> Optimizing internal heuristics...
    ⚙️ Heuristics optimized.

[Omni-Loop] Cycle 6 - Thu Apr 30 04:55:56 2026
[Omni-Loop] -> Testing environment integrity...
    ❌ Tests Failed: Engaging Self-Heal Protocol.
[Omni-Loop] -> Initiating Auto-Upgrade Conversation Cycle...
    🚀 Capability Upgraded: New Skill Crystallized.
[Omni-Loop] -> Optimizing internal heuristics...
    ⚙️ Heuristics optimized.

[Omni-Loop] Cycle 7 - Thu Apr 30 05:11:09 2026
[Omni-Loop] -> Testing environment integrity...
    ❌ Tests Failed: Engaging Self-Heal Protocol.
[Omni-Loop] -> Initiating Auto-Upgrade Conversation Cycle...
    🚀 Capability Upgraded: New Skill Crystallized.
[Omni-Loop] -> Optimizing internal heuristics...
    ⚙️ Heuristics optimized.

[Omni-Loop] Cycle 8 - Thu Apr 30 05:26:05 2026
[Omni-Loop] -> Testing environment integrity...
    ✅ Tests Pass: System Stable.
[Omni-Loop] -> Initiating Auto-Upgrade Conversation Cycle...
    🚀 Capability Upgraded: New Skill Crystallized.
[Omni-Loop] -> Optimizing internal heuristics...
    ⚙️ Heuristics optimized.

[Omni-Loop] Cycle 9 - Thu Apr 30 05:38:34 2026
[Omni-Loop] -> Testing environment integrity...
    ✅ Tests Pass: System Stable.
[Omni-Loop] -> Initiating Auto-Upgrade Conversation Cycle...
    🚀 Capability Upgraded: New Skill Crystallized.
[Omni-Loop] -> Optimizing internal heuristics...
    ⚙️ Heuristics optimized.

[Omni-Loop] Cycle 10 - Thu Apr 30 05:52:59 2026
[Omni-Loop] -> Testing environment integrity...
    ✅ Tests Pass: System Stable.
[Omni-Loop] -> Initiating Auto-Upgrade Conversation Cycle...
    🚀 Capability Upgraded: New Skill Crystallized.
[Omni-Loop] -> Optimizing internal heuristics...
    ⚙️ Heuristics optimized.

[Omni-Loop] Cycle 11 - Thu Apr 30 06:04:45 2026
[Omni-Loop] -> Testing environment integrity...
    ✅ Tests Pass: System Stable.
[Omni-Loop] -> Initiating Auto-Upgrade Conversation Cycle...
    🚀 Capability Upgraded: New Skill Crystallized.
[Omni-Loop] -> Optimizing internal heuristics...
    ⚙️ Heuristics optimized.

[Omni-Loop] Cycle 12 - Thu Apr 30 06:17:25 2026
[Omni-Loop] -> Testing environment integrity...
    ✅ Tests Pass: System Stable.
[Omni-Loop] -> Initiating Auto-Upgrade Conversation Cycle...
    🚀 Capability Upgraded: New Skill Crystallized.
[Omni-Loop] -> Optimizing internal heuristics...
    ⚙️ Heuristics optimized.

[Omni-Loop] Cycle 13 - Thu Apr 30 08:38:57 2026
[Omni-Loop] -> Testing environment integrity...
    ❌ Tests Failed: Engaging Self-Heal Protocol.
[Omni-Loop] -> Initiating Auto-Upgrade Conversation Cycle...
    🚀 Capability Upgraded: New Skill Crystallized.
[Omni-Loop] -> Optimizing internal heuristics...
    ⚙️ Heuristics optimized.

[Omni-Loop] Cycle 14 - Thu Apr 30 10:04:02 2026
[Omni-Loop] -> Testing environment integrity...
    ✅ Tests Pass: System Stable.
[Omni-Loop] -> Initiating Auto-Upgrade Conversation Cycle...
    🚀 Capability Upgraded: New Skill Crystallized.
[Omni-Loop] -> Optimizing internal heuristics...
    ⚙️ Heuristics optimized.

[Omni-Loop] Cycle 15 - Thu Apr 30 10:58:40 2026
[Omni-Loop] -> Testing environment integrity...
    ✅ Tests Pass: System Stable.
[Omni-Loop] -> Initiating Auto-Upgrade Conversation Cycle...
    🚀 Capability Upgraded: New Skill Crystallized.
[Omni-Loop] -> Optimizing internal heuristics...
    ⚙️ Heuristics optimized.

[Omni-Loop] Cycle 16 - Thu Apr 30 12:39:28 2026
[Omni-Loop] -> Testing environment integrity...
    ❌ Tests Failed: Engaging Self-Heal Protocol.
[Omni-Loop] -> Initiating Auto-Upgrade Conversation Cycle...
    ✅ Friday remains competent for the current challenge.
[Omni-Loop] -> Optimizing internal heuristics...
    ⚙️ Heuristics optimized.

[Omni-Loop] Cycle 17 - Thu Apr 30 13:20:25 2026
[Omni-Loop] -> Testing environment integrity...
    ❌ Tests Failed: Engaging Self-Heal Protocol.
[Omni-Loop] -> Initiating Auto-Upgrade Conversation Cycle...
    🚀 Capability Upgraded: New Skill Crystallized.
[Omni-Loop] -> Optimizing internal heuristics...
    ⚙️ Heuristics optimized.

[Omni-Loop] Cycle 1 - Thu Apr 30 14:18:17 2026
[Omni-Loop] -> Testing environment integrity...
    ✅ Tests Pass: System Stable.
[Omni-Loop] -> Initiating Auto-Upgrade Conversation Cycle...
    🚀 Capability Upgraded: New Skill Crystallized.
[Omni-Loop] -> Optimizing internal heuristics...
    ⚙️ Heuristics optimized.

[Omni-Loop] Cycle 2 - Thu Apr 30 14:28:54 2026
[Omni-Loop] -> Testing environment integrity...
    ❌ Tests Failed: Engaging Self-Heal Protocol.
[Omni-Loop] -> Initiating Auto-Upgrade Conversation Cycle...
    🚀 Capability Upgraded: New Skill Crystallized.
[Omni-Loop] -> Optimizing internal heuristics...
    ⚙️ Heuristics optimized.

[Omni-Loop] Cycle 3 - Thu Apr 30 14:38:04 2026
[Omni-Loop] -> Testing environment integrity...
    ❌ Tests Failed: Engaging Self-Heal Protocol.
[Omni-Loop] -> Initiating Auto-Upgrade Conversation Cycle...
    🚀 Capability Upgraded: New Skill Crystallized.
[Omni-Loop] -> Optimizing internal heuristics...
    ⚙️ Heuristics optimized.

[Omni-Loop] Cycle 4 - Thu Apr 30 14:48:01 2026
[Omni-Loop] -> Testing environment integrity...
    ❌ Tests Failed: Engaging Self-Heal Protocol.
[Omni-Loop] -> Initiating Auto-Upgrade Conversation Cycle...
    🚀 Capability Upgraded: New Skill Crystallized.
[Omni-Loop] -> Optimizing internal heuristics...
    ⚙️ Heuristics optimized.

[Omni-Loop] Cycle 5 - Thu Apr 30 14:58:48 2026
[Omni-Loop] -> Testing environment integrity...
    ❌ Tests Failed: Engaging Self-Heal Protocol.
[Omni-Loop] -> Initiating Auto-Upgrade Conversation Cycle...
    🚀 Capability Upgraded: New Skill Crystallized.
[Omni-Loop] -> Optimizing internal heuristics...
    ⚙️ Heuristics optimized.
